
> ue5-question-generator@0.0.0 test
> vitest --run --reporter=verbose


[1m[46m RUN [49m[22m [36mv4.0.14 [39m[90mC:/Users/Sam Deiter/Documents/GitHub/UE5QuestionGenerator[39m

 [32mΓ£ô[39m src/utils/questionFilters.test.js[2m > [22mcreateFilteredQuestions[2m > [22mfilters by status[32m 2[2mms[22m[39m
 [32mΓ£ô[39m src/utils/questionFilters.test.js[2m > [22mcreateFilteredQuestions[2m > [22mfilters by creator[32m 0[2mms[22m[39m
 [32mΓ£ô[39m src/utils/questionFilters.test.js[2m > [22mcreateFilteredQuestions[2m > [22mfilters by discipline[32m 0[2mms[22m[39m
 [32mΓ£ô[39m src/utils/questionFilters.test.js[2m > [22mcreateFilteredQuestions[2m > [22mfilters by difficulty and type[32m 0[2mms[22m[39m
 [32mΓ£ô[39m src/utils/questionFilters.test.js[2m > [22mcreateFilteredQuestions[2m > [22mfilters by search term[32m 0[2mms[22m[39m
 [32mΓ£ô[39m src/utils/questionFilters.test.js[2m > [22mcreateUniqueFilteredQuestions[2m > [22mreturns one question per uniqueId[32m 1[2mms[22m[39m
 [32mΓ£ô[39m src/utils/questionFilters.test.js[2m > [22mcreateUniqueFilteredQuestions[2m > [22mprefers selected language[32m 0[2mms[22m[39m
 [32mΓ£ô[39m src/utils/questionFilters.test.js[2m > [22mcreateUniqueFilteredQuestions[2m > [22mfalls back to English if selected language missing[32m 0[2mms[22m[39m
 [32mΓ£ô[39m src/utils/questionFilters.test.js[2m > [22mcreateUniqueFilteredQuestions[2m > [22mfalls back to first available if English missing[32m 0[2mms[22m[39m
 [32mΓ£ô[39m src/services/googleSheets.test.js[2m > [22mGoogle Sheets Service[2m > [22mfetchQuestionsFromSheets[2m > [22mshould resolve with data on success[32m 4[2mms[22m[39m
 [32mΓ£ô[39m src/services/googleSheets.test.js[2m > [22mGoogle Sheets Service[2m > [22mfetchQuestionsFromSheets[2m > [22mshould reject on error response[32m 2[2mms[22m[39m
 [32mΓ£ô[39m src/services/googleSheets.test.js[2m > [22mGoogle Sheets Service[2m > [22mfetchQuestionsFromSheets[2m > [22mshould reject on script load error[32m 1[2mms[22m[39m
 [32mΓ£ô[39m src/services/googleSheets.test.js[2m > [22mGoogle Sheets Service[2m > [22msaveQuestionsToSheets[2m > [22mshould submit a form with correct data[32m 2[2mms[22m[39m
 [32mΓ£ô[39m src/services/googleSheets.test.js[2m > [22mGoogle Sheets Service[2m > [22mclearQuestionsFromSheets[2m > [22mshould submit a clear action form[32m 1[2mms[22m[39m
[90mstdout[2m | src/utils/helpers.test.js[2m > [22m[2mHelper Functions[2m > [22m[2mfilterDuplicateQuestions[2m > [22m[2mshould filter out duplicates based on ID
[22m[39mFiltered out 1 duplicate questions.

[90mstdout[2m | src/utils/helpers.test.js[2m > [22m[2mHelper Functions[2m > [22m[2mfilterDuplicateQuestions[2m > [22m[2mshould filter out duplicates based on text content
[22m[39mFiltered out 1 duplicate questions.

 [32mΓ£ô[39m src/utils/helpers.test.js[2m > [22mHelper Functions[2m > [22mchunkArray[2m > [22mshould split array into chunks of given size[32m 2[2mms[22m[39m
 [32mΓ£ô[39m src/utils/helpers.test.js[2m > [22mHelper Functions[2m > [22mchunkArray[2m > [22mshould handle empty array[32m 0[2mms[22m[39m
 [32mΓ£ô[39m src/utils/helpers.test.js[2m > [22mHelper Functions[2m > [22mchunkArray[2m > [22mshould handle size larger than array[32m 0[2mms[22m[39m
 [32mΓ£ô[39m src/utils/helpers.test.js[2m > [22mHelper Functions[2m > [22mformatUrl[2m > [22mshould add https:// if missing[32m 1[2mms[22m[39m
 [32mΓ£ô[39m src/utils/helpers.test.js[2m > [22mHelper Functions[2m > [22mformatUrl[2m > [22mshould not change valid https:// url[32m 0[2mms[22m[39m
 [32mΓ£ô[39m src/utils/helpers.test.js[2m > [22mHelper Functions[2m > [22mformatUrl[2m > [22mshould return empty string for null/undefined[32m 0[2mms[22m[39m
 [32mΓ£ô[39m src/utils/helpers.test.js[2m > [22mHelper Functions[2m > [22mstripHtmlTags[2m > [22mshould remove HTML tags[32m 6[2mms[22m[39m
 [32mΓ£ô[39m src/utils/helpers.test.js[2m > [22mHelper Functions[2m > [22mstripHtmlTags[2m > [22mshould handle plain text[32m 1[2mms[22m[39m
 [32mΓ£ô[39m src/utils/helpers.test.js[2m > [22mHelper Functions[2m > [22mformatDate[2m > [22mshould format date as YYYY-MM-DD[32m 0[2mms[22m[39m
 [32mΓ£ô[39m src/utils/helpers.test.js[2m > [22mHelper Functions[2m > [22mparseCSVLine[2m > [22mshould parse simple CSV line[32m 0[2mms[22m[39m
 [32mΓ£ô[39m src/utils/helpers.test.js[2m > [22mHelper Functions[2m > [22mparseCSVLine[2m > [22mshould handle quoted values with commas[32m 0[2mms[22m[39m
 [32mΓ£ô[39m src/utils/helpers.test.js[2m > [22mHelper Functions[2m > [22mparseCSVLine[2m > [22mshould handle quoted quotes[32m 0[2mms[22m[39m
 [32mΓ£ô[39m src/utils/helpers.test.js[2m > [22mHelper Functions[2m > [22mfilterDuplicateQuestions[2m > [22mshould filter out duplicates based on ID[32m 2[2mms[22m[39m
 [32mΓ£ô[39m src/utils/helpers.test.js[2m > [22mHelper Functions[2m > [22mfilterDuplicateQuestions[2m > [22mshould filter out duplicates based on text content[32m 0[2mms[22m[39m
[90mstdout[2m | src/utils/fileProcessor.test.js[2m > [22m[2mfileProcessor[2m > [22m[2mdetectLanguageFromFilename[2m > [22m[2mreturns null for unknown language
[22m[39mChecking English code EN against questions_unknown.csv: false
Checking Chinese (Simplified) code CN against questions_unknown.csv: false

[90mstdout[2m | src/utils/fileProcessor.test.js[2m > [22m[2mfileProcessor[2m > [22m[2mparseCSVQuestions[2m > [22m[2mparses v1.7 format correctly
[22m[39mChecking English code EN against test.csv: false
Checking Chinese (Simplified) code CN against test.csv: false

[90mstdout[2m | src/utils/fileProcessor.test.js[2m > [22m[2mfileProcessor[2m > [22m[2mparseCSVQuestions[2m > [22m[2mparses v1.6 format correctly
[22m[39mChecking English code EN against test.csv: false
Checking Chinese (Simplified) code CN against test.csv: false

 [32mΓ£ô[39m src/utils/fileProcessor.test.js[2m > [22mfileProcessor[2m > [22mdetectLanguageFromFilename[2m > [22mdetects language from full name[32m 1[2mms[22m[39m
 [32mΓ£ô[39m src/utils/fileProcessor.test.js[2m > [22mfileProcessor[2m > [22mdetectLanguageFromFilename[2m > [22mreturns null for unknown language[32m 1[2mms[22m[39m
 [32mΓ£ô[39m src/utils/fileProcessor.test.js[2m > [22mfileProcessor[2m > [22mparseCSVQuestions[2m > [22mparses v1.7 format correctly[32m 1[2mms[22m[39m
 [32mΓ£ô[39m src/utils/fileProcessor.test.js[2m > [22mfileProcessor[2m > [22mparseCSVQuestions[2m > [22mparses v1.6 format correctly[32m 1[2mms[22m[39m
 [32mΓ£ô[39m src/utils/fileProcessor.test.js[2m > [22mfileProcessor[2m > [22mparseCSVQuestions[2m > [22mreturns empty array for invalid header[32m 1[2mms[22m[39m
 [32mΓ£ô[39m src/utils/fileProcessor.test.js[2m > [22mfileProcessor[2m > [22mparseCSVQuestions[2m > [22mdetects language from filename if missing in row (v1.7)[32m 0[2mms[22m[39m
[90mstdout[2m | src/utils/exportUtils.test.js[2m > [22m[2mexportUtils[2m > [22m[2mgetCSVContent[2m > [22m[2mhandles missing optional fields
[22m[39mDEBUG CSV ROW: "1","u1","Tech Art","Multiple Choice","Easy","Q1","A","B","","","A","2025-11-28","","Excerpt","Sam","Rev","English","",""

 [32mΓ£ô[39m src/utils/exportUtils.test.js[2m > [22mexportUtils[2m > [22mgetCSVContent[2m > [22mgenerates correct CSV header[32m 10[2mms[22m[39m
 [32mΓ£ô[39m src/utils/exportUtils.test.js[2m > [22mexportUtils[2m > [22mgetCSVContent[2m > [22mformats question data correctly[32m 5[2mms[22m[39m
 [32mΓ£ô[39m src/utils/exportUtils.test.js[2m > [22mexportUtils[2m > [22mgetCSVContent[2m > [22mhandles missing optional fields[32m 5[2mms[22m[39m
 [32mΓ£ô[39m src/utils/exportUtils.test.js[2m > [22mexportUtils[2m > [22msegmentQuestions[2m > [22mgroups questions by unique combination of attributes[32m 1[2mms[22m[39m
 [32mΓ£ô[39m src/utils/exportUtils.test.js[2m > [22mexportUtils[2m > [22msegmentQuestions[2m > [22mplaces correct questions in groups[32m 0[2mms[22m[39m
 [32mΓ£ô[39m src/utils/tokenCounter.test.js[2m > [22mtokenCounter[2m > [22mestimateTokens[2m > [22mshould estimate tokens based on character count[32m 2[2mms[22m[39m
 [32mΓ£ô[39m src/utils/tokenCounter.test.js[2m > [22mtokenCounter[2m > [22mestimateTokens[2m > [22mshould handle longer text[32m 0[2mms[22m[39m
 [32mΓ£ô[39m src/utils/tokenCounter.test.js[2m > [22mtokenCounter[2m > [22mcalculateCost[2m > [22mshould calculate cost for gemini-1.5-flash[32m 0[2mms[22m[39m
 [32mΓ£ô[39m src/utils/tokenCounter.test.js[2m > [22mtokenCounter[2m > [22mcalculateCost[2m > [22mshould calculate cost for gemini-1.5-pro[32m 0[2mms[22m[39m
 [32mΓ£ô[39m src/utils/tokenCounter.test.js[2m > [22mtokenCounter[2m > [22mcalculateCost[2m > [22mshould calculate cost for gemini-2.0-flash-exp (free)[32m 0[2mms[22m[39m
 [32mΓ£ô[39m src/utils/tokenCounter.test.js[2m > [22mtokenCounter[2m > [22mcalculateCost[2m > [22mshould default to gemini-1.5-flash for unknown models[32m 0[2mms[22m[39m
 [32mΓ£ô[39m src/utils/tokenCounter.test.js[2m > [22mtokenCounter[2m > [22mcalculateCost[2m > [22mshould handle small token counts[32m 0[2mms[22m[39m
 [32mΓ£ô[39m src/utils/tokenCounter.test.js[2m > [22mtokenCounter[2m > [22mformatCost[2m > [22mshould format small costs in thousandths[32m 0[2mms[22m[39m
 [32mΓ£ô[39m src/utils/tokenCounter.test.js[2m > [22mtokenCounter[2m > [22mformatCost[2m > [22mshould format larger costs in dollars[32m 0[2mms[22m[39m
 [32mΓ£ô[39m src/utils/tokenCounter.test.js[2m > [22mtokenCounter[2m > [22mcheckTokenLimit[2m > [22mshould check input token limits for gemini-1.5-flash[32m 0[2mms[22m[39m
 [32mΓ£ô[39m src/utils/tokenCounter.test.js[2m > [22mtokenCounter[2m > [22mcheckTokenLimit[2m > [22mshould check output token limits[32m 0[2mms[22m[39m
 [32mΓ£ô[39m src/utils/tokenCounter.test.js[2m > [22mtokenCounter[2m > [22mcheckTokenLimit[2m > [22mshould detect when over limit[32m 0[2mms[22m[39m
 [32mΓ£ô[39m src/utils/tokenCounter.test.js[2m > [22mtokenCounter[2m > [22mgetTokenWarningLevel[2m > [22mshould return "none" for low usage[32m 0[2mms[22m[39m
 [32mΓ£ô[39m src/utils/tokenCounter.test.js[2m > [22mtokenCounter[2m > [22mgetTokenWarningLevel[2m > [22mshould return "warning" for 70-89% usage[32m 0[2mms[22m[39m
 [32mΓ£ô[39m src/utils/tokenCounter.test.js[2m > [22mtokenCounter[2m > [22mgetTokenWarningLevel[2m > [22mshould return "danger" for 90%+ usage[32m 0[2mms[22m[39m
 [32mΓ£ô[39m src/utils/tokenCounter.test.js[2m > [22mtokenCounter[2m > [22manalyzeRequest[2m > [22mshould analyze a typical request[32m 0[2mms[22m[39m
 [32mΓ£ô[39m src/utils/tokenCounter.test.js[2m > [22mtokenCounter[2m > [22manalyzeRequest[2m > [22mshould detect high token usage[32m 0[2mms[22m[39m
 [32mΓ£ô[39m src/utils/tokenCounter.test.js[2m > [22mtokenCounter[2m > [22manalyzeRequest[2m > [22mshould detect danger level usage[32m 0[2mms[22m[39m
 [32mΓ£ô[39m src/utils/tokenCounter.test.js[2m > [22mtokenCounter[2m > [22msummarizeAnalysis[2m > [22mshould create readable summary for normal usage[32m 20[2mms[22m[39m
 [32mΓ£ô[39m src/utils/tokenCounter.test.js[2m > [22mtokenCounter[2m > [22msummarizeAnalysis[2m > [22mshould include warning for high usage[32m 0[2mms[22m[39m
 [32mΓ£ô[39m src/utils/tokenCounter.test.js[2m > [22mtokenCounter[2m > [22msummarizeAnalysis[2m > [22mshould include danger alert for critical usage[32m 0[2mms[22m[39m
 [32mΓ£ô[39m src/utils/tokenCounter.test.js[2m > [22mtokenCounter[2m > [22mcompareAnalyses[2m > [22mshould calculate reduction percentages[32m 0[2mms[22m[39m
 [32mΓ£ô[39m src/utils/tokenCounter.test.js[2m > [22mtokenCounter[2m > [22mcompareAnalyses[2m > [22mshould handle zero reduction[32m 0[2mms[22m[39m
[90mstdout[2m | src/__tests__/importExport.integration.test.jsx[2m > [22m[2mImport/Export Integration Tests[2m > [22m[2mCSV Import[2m > [22m[2mshould import valid CSV file successfully
[22m[39mChecking English code US against questions.csv: false
Checking Chinese (Simplified) code CN against questions.csv: false
Checking Japanese code JP against questions.csv: false
Checking Korean code KR against questions.csv: false
Checking Spanish code ES against questions.csv: false
Checking French code FR against questions.csv: false
Checking German code DE against questions.csv: false
Checking Italian code IT against questions.csv: false
Checking Portuguese code PT against questions.csv: false
Checking Russian code RU against questions.csv: false

 [32mΓ£ô[39m src/components/QuestionItem.test.jsx[2m > [22mQuestionItem[2m > [22mrenders question text and metadata correctly[32m 56[2mms[22m[39m
 [32mΓ£ô[39m src/components/QuestionItem.test.jsx[2m > [22mQuestionItem[2m > [22mrenders options for Multiple Choice[32m 17[2mms[22m[39m
 [32mΓ£ô[39m src/components/QuestionItem.test.jsx[2m > [22mQuestionItem[2m > [22mcalls onUpdateStatus when Accept button is clicked[32m 16[2mms[22m[39m
 [32mΓ£ô[39m src/components/QuestionItem.test.jsx[2m > [22mQuestionItem[2m > [22mcalls onUpdateStatus when Reject button is clicked[32m 10[2mms[22m[39m
 [32mΓ£ô[39m src/components/QuestionItem.test.jsx[2m > [22mQuestionItem[2m > [22mshows correct styling for accepted status[32m 10[2mms[22m[39m
 [32mΓ£ô[39m src/__tests__/googleSheets.integration.test.jsx[2m > [22mGoogle Sheets Integration Tests[2m > [22mImport from Google Sheets[2m > [22mshould fetch CSV from valid Google Sheets URL[32m 180[2mms[22m[39m
 [32mΓ£ô[39m src/__tests__/googleSheets.integration.test.jsx[2m > [22mGoogle Sheets Integration Tests[2m > [22mImport from Google Sheets[2m > [22mshould convert Sheets URL to CSV export format[32m 1[2mms[22m[39m
 [32mΓ£ô[39m src/__tests__/importExport.integration.test.jsx[2m > [22mImport/Export Integration Tests[2m > [22mCSV Import[2m > [22mshould import valid CSV file successfully[32m 16[2mms[22m[39m
 [32mΓ£ô[39m src/__tests__/importExport.integration.test.jsx[2m > [22mImport/Export Integration Tests[2m > [22mCSV Import[2m > [22mshould handle invalid CSV gracefully[32m 1[2mms[22m[39m
 [31m├ù[39m src/__tests__/importExport.integration.test.jsx[2m > [22mImport/Export Integration Tests[2m > [22mCSV Import[2m > [22mshould validate file size[32m 292[2mms[22m[39m
[31m   ΓåÆ expected 'File "large.csv" exceeds the 5MB sizeΓÇª' to contain 'too large'[39m
 [32mΓ£ô[39m src/__tests__/importExport.integration.test.jsx[2m > [22mImport/Export Integration Tests[2m > [22mCSV Export[2m > [22mshould export questions to CSV format[32m 28[2mms[22m[39m
 [31m├ù[39m src/__tests__/importExport.integration.test.jsx[2m > [22mImport/Export Integration Tests[2m > [22mCSV Export[2m > [22mshould exclude rejected questions when specified[32m 9[2mms[22m[39m
[31m   ΓåÆ expected '"ID","Question ID","Discipline","TypeΓÇª' not to contain 'What is a bad question?'[39m
 [32mΓ£ô[39m src/__tests__/importExport.integration.test.jsx[2m > [22mImport/Export Integration Tests[2m > [22mCSV Export[2m > [22mshould include rejected questions when specified[32m 6[2mms[22m[39m
 [32mΓ£ô[39m src/__tests__/googleSheets.integration.test.jsx[2m > [22mGoogle Sheets Integration Tests[2m > [22mImport from Google Sheets[2m > [22mshould handle invalid Google Sheets URL[32m 157[2mms[22m[39m
 [32mΓ£ô[39m src/__tests__/googleSheets.integration.test.jsx[2m > [22mGoogle Sheets Integration Tests[2m > [22mImport from Google Sheets[2m > [22mshould handle network errors gracefully[32m 1[2mms[22m[39m
 [32mΓ£ô[39m src/__tests__/googleSheets.integration.test.jsx[2m > [22mGoogle Sheets Integration Tests[2m > [22mImport from Google Sheets[2m > [22mshould track fetch calls for debugging[32m 154[2mms[22m[39m
 [32mΓ£ô[39m src/__tests__/googleSheets.integration.test.jsx[2m > [22mGoogle Sheets Integration Tests[2m > [22mExport to Google Sheets[2m > [22mshould send data to Google Apps Script[32m 215[2mms[22m[39m
 [32mΓ£ô[39m src/__tests__/googleSheets.integration.test.jsx[2m > [22mGoogle Sheets Integration Tests[2m > [22mExport to Google Sheets[2m > [22mshould validate Google Apps Script URL[32m 201[2mms[22m[39m
 [32mΓ£ô[39m src/__tests__/googleSheets.integration.test.jsx[2m > [22mGoogle Sheets Integration Tests[2m > [22mExport to Google Sheets[2m > [22mshould handle CORS errors[32m 0[2mms[22m[39m
 [32mΓ£ô[39m src/__tests__/googleSheets.integration.test.jsx[2m > [22mGoogle Sheets Integration Tests[2m > [22mExport to Google Sheets[2m > [22mshould include all question data in export[32m 201[2mms[22m[39m
 [32mΓ£ô[39m src/__tests__/googleSheets.integration.test.jsx[2m > [22mGoogle Sheets Integration Tests[2m > [22mEnd-to-End Sheets Workflow[2m > [22mshould import from Sheets and re-export successfully[33m 360[2mms[22m[39m
node.exe : 
At line:1 char:1
+ & "C:\Program Files\nodejs/node.exe" "C:\Program Files\nodejs/node_mo ...
+ ~~~~~~~~~~~~~~~~~~~~~~~~~~~~~~~~~~~~~~~~~~~~~~~~~~~~~~~~~~~~~~~~~~~~~
    + CategoryInfo          : NotSpecified: (:String) [], Remote    Exception
    + FullyQualifiedErrorId : NativeCommandError
 
[31mΓÄ»ΓÄ»ΓÄ»ΓÄ»ΓÄ»ΓÄ»[39m[1m[41m Failed Suites 2 [49m[22m[31mΓÄ»ΓÄ»ΓÄ»ΓÄ»ΓÄ»ΓÄ»ΓÄ»[39m

[41m[1m FAIL [22m[49m src/__tests__/questionGeneration.integration.test.jsx[2m [ src/__tests__/questionGeneration.integration.test.jsx ][22m
[41m[1m FAIL [22m[49m src/__tests__/translation.integration.test.jsx[2m [ src/__tests__/translation.integration.test.jsx ][22m
[31m[1mError[22m: [vitest] There was an error when mocking a module. If you are using "vi.mock" factory, make sure there are no top level variables inside, since this call is hoisted to top of the file. Read more: https://vitest.dev/api/vi.html#vi-mock[39m
[36m [2mΓ¥»[22m src/hooks/useGeneration.js:[2m2:1[22m[39m
    [90m  1| [39m[35mimport[39m { useState } [35mfrom[39m [32m'react'[39m[33m;[39m
    [90m  2| [39m[35mimport[39m { generateContent } [35mfrom[39m [32m'../services/gemini'[39m[33m;[39m
    [90m   | [39m[31m^[39m
    [90m  3| [39m[35mimport[39m { constructSystemPrompt } [35mfrom[39m [32m'../services/promptBuilder'[39m[33m;[39m
    [90m  4| [39m[35mimport[39m { parseQuestions } [35mfrom[39m [32m'../utils/helpers'[39m[33m;[39m

[31m[1mCaused by: ReferenceError[22m: Cannot access '__vi_import_2__' before initialization[39m
[36m [2mΓ¥»[22m src/__tests__/questionGeneration.integration.test.jsx:[2m13:37[22m[39m

[31m[2mΓÄ»ΓÄ»ΓÄ»ΓÄ»ΓÄ»ΓÄ»ΓÄ»ΓÄ»ΓÄ»ΓÄ»ΓÄ»ΓÄ»ΓÄ»ΓÄ»ΓÄ»ΓÄ»ΓÄ»ΓÄ»ΓÄ»ΓÄ»ΓÄ»ΓÄ»ΓÄ»ΓÄ»[1/4]ΓÄ»[22m[39m


[31mΓÄ»ΓÄ»ΓÄ»ΓÄ»ΓÄ»ΓÄ»ΓÄ»[39m[1m[41m Failed Tests 2 [49m[22m[31mΓÄ»ΓÄ»ΓÄ»ΓÄ»ΓÄ»ΓÄ»ΓÄ»[39m

[41m[1m FAIL [22m[49m src/__tests__/importExport.integration.test.jsx[2m > [22mImport/Export Integration Tests[2m > [22mCSV Import[2m > [22mshould validate file size
[31m[1mAssertionError[22m: expected 'File "large.csv" exceeds the 5MB sizeΓÇª' to contain 'too large'[39m

Expected: [32m"too large"[39m
Received: [31m"File "large.csv" exceeds the 5MB size limit."[39m

[36m [2mΓ¥»[22m src/__tests__/importExport.integration.test.jsx:[2m61:34[22m[39m
    [90m 59| [39m
    [90m 60| [39m            [34mexpect[39m(result[33m.[39merror)[33m.[39m[34mtoBeDefined[39m()[33m;[39m
    [90m 61| [39m            [34mexpect[39m(result[33m.[39merror)[33m.[39m[34mtoContain[39m([32m'too large'[39m)[33m;[39m
    [90m   | [39m                                 [31m^[39m
    [90m 62| [39m        })[33m;[39m
    [90m 63| [39m    })[33m;[39m

[31m[2mΓÄ»ΓÄ»ΓÄ»ΓÄ»ΓÄ»ΓÄ»ΓÄ»ΓÄ»ΓÄ»ΓÄ»ΓÄ»ΓÄ»ΓÄ»ΓÄ»ΓÄ»ΓÄ»ΓÄ»ΓÄ»ΓÄ»ΓÄ»ΓÄ»ΓÄ»ΓÄ»ΓÄ»[2/4]ΓÄ»[22m[39m

[41m[1m FAIL [22m[49m src/__tests__/importExport.integration.test.jsx[2m > [22mImport/Export Integration Tests[2m > [22mCSV Export[2m > [22mshould exclude rejected questions when specified
[31m[1mAssertionError[22m: expected '"ID","Question ID","Discipline","TypeΓÇª' not to contain 'What is a bad question?'[39m

[32m- Expected[39m
[31m+ Received[39m

[32m- What is a bad question?[39m
[31m+ "ID","Question ID","Discipline","Type","Difficulty","Question","Option A","Option B","Option C","Option D","Correct Answer","Generation Date","Source URL","Source Excerpt","Creator","Reviewer","Language","Quality Score","AI Critique"[39m
[31m+ "1","uid-mc-001","Graphics","Multiple Choice","Medium","What is the primary rendering pipeline in Unreal Engine 5?","Forward Rendering","Deferred Rendering","Nanite","Lumen","B","2025-11-28","","","false","","English","",""[39m
[31m+ "2","uid-mc-003","General","Multiple Choice","Easy","What is a bad question?","This","That","Other","None","A","2025-11-28","","","false","","English","",""[39m
[31m+[39m

[36m [2mΓ¥»[22m src/__tests__/importExport.integration.test.jsx:[2m88:36[22m[39m
    [90m 86| [39m
    [90m 87| [39m            expect(csvContent).toContain(mockQuestions.multipleChoice.ΓÇª
    [90m 88| [39m            expect(csvContent).not.toContain(mockQuestions.rejected.quΓÇª
    [90m   | [39m                                   [31m^[39m
    [90m 89| [39m        })[33m;[39m
    [90m 90| [39m

[31m[2mΓÄ»ΓÄ»ΓÄ»ΓÄ»ΓÄ»ΓÄ»ΓÄ»ΓÄ»ΓÄ»ΓÄ»ΓÄ»ΓÄ»ΓÄ»ΓÄ»ΓÄ»ΓÄ»ΓÄ»ΓÄ»ΓÄ»ΓÄ»ΓÄ»ΓÄ»ΓÄ»ΓÄ»[3/4]ΓÄ»[22m[39m


[2m Test Files [22m [1m[31m3 failed[39m[22m[2m | [22m[1m[32m8 passed[39m[22m[90m (11)[39m
[2m      Tests [22m [1m[31m2 failed[39m[22m[2m | [22m[1m[32m81 passed[39m[22m[90m (83)[39m
[2m   Start at [22m 09:38:30
[2m   Duration [22m 3.13s[2m (transform 1.05s, setup 1.45s, import 1.53s, tests 2.03s, environment 10.80s)[22m

